// Jest Snapshot v1, https://goo.gl/fbAQLP

exports[`<Backdrop /> should render and match the snapshot 1`] = `
<div
  class="backdrop"
/>
`;

exports[`<Backdrop /> should render and match the snapshot 2`] = `null`;
