// Jest Snapshot v1, https://goo.gl/fbAQLP

exports[`<Logout /> should render and match the snapshot 1`] = `null`;
